[freewater.life/index.html]
[freewater.life/xmlrpc.php]
[backblue.gif]
[fade.gif]
[index.html]
[freewater.life/wp-content/uploads/premium-addons-elementor/pa-frontend-e295bfe0b.min911b.css]
[freewater.life/wp-content/plugins/header-footer-elementor/assets/css/header-footer-elementor4a8b.css]
[freewater.life/wp-content/plugins/elementor/assets/css/frontend-lite.minf3b2.css]
[freewater.life/wp-content/plugins/elementor/assets/lib/swiper/v8/css/swiper.min94a4.css]
[freewater.life/wp-content/uploads/elementor/css/post-51b86.css]
[freewater.life/comments/feed/index.html]
[freewater.life/wp-content/plugins/sticky-header-effects-for-elementor/assets/css/she-header-style744a.css]
[freewater.life/wp-content/uploads/elementor/css/post-37fa44.css]
[freewater.life/wp-content/plugins/header-footer-elementor/inc/widgets-css/frontend4a8b.css]
[freewater.life/wp-content/uploads/elementor/css/post-30fcd5.css]
[freewater.life/wp-content/uploads/elementor/css/post-193fa44.css]
[freewater.life/wp-content/themes/hello-elementor/style.min6e0e.css]
[freewater.life/wp-content/themes/hello-elementor/theme.min6e0e.css]
[freewater.life/wp-content/themes/hello-elementor/header-footer.min6e0e.css]
[freewater.life/wp-includes/js/jquery/jquery.minf43b.js]
[freewater.life/wp-includes/js/jquery/jquery-migrate.min5589.js]
[freewater.life/wp-content/plugins/sticky-header-effects-for-elementor/assets/js/she-header744a.js]
[freewater.life/wp-json/index.html]
[freewater.life/wp-json/wp/v2/pages/37.json]
[freewater.life/xmlrpc0db0.php]
[freewater.life/wp-json/oembed/1.0/embed8235.json]
[freewater.life/wp-json/oembed/1.0/embed2016]
[freewater.life/wp-content/uploads/2024/02/faviconfinal-01.png]
[freewater.life/wp-content/uploads/2024/01/Blue.png]
[freewater.life/wp-content/uploads/2024/02/w-obg1-1.png]
[freewater.life/wp-content/uploads/2024/02/w-obg9-1.png]
[freewater.life/wp-content/uploads/2024/02/users.png]
[freewater.life/wp-content/uploads/2024/02/beer.png]
[freewater.life/wp-content/uploads/2024/02/customer-experience.png]
[freewater.life/wp-content/uploads/2024/02/brand.png]
[freewater.life/wp-content/uploads/2024/02/megaphone.png]
[freewater.life/wp-content/uploads/2024/01/netclipart-1-600x1190-1.png]
[freewater.life/wp-content/plugins/elementor/assets/css/widget-icon-box.min.css]
[freewater.life/wp-content/plugins/elementor/assets/css/widget-icon-list.min.css]
[freewater.life/wp-content/uploads/forminator/209_f494e5790d84055c441f02494c1128cb/css/style-209a708.css]
[freewater.life/wp-content/plugins/forminator/assets/forminator-ui/css/forminator-icons.min8915.css]
[freewater.life/wp-content/plugins/forminator/assets/forminator-ui/css/src/forminator-utilities.min8915.css]
[freewater.life/wp-content/plugins/forminator/assets/forminator-ui/css/src/grid/forminator-grid.open.min8915.css]
[freewater.life/wp-content/plugins/forminator/assets/forminator-ui/css/src/form/forminator-form-default.base.min8915.css]
[freewater.life/wp-content/plugins/forminator/assets/forminator-ui/css/src/form/forminator-form-default.select2.min8915.css]
[freewater.life/wp-content/plugins/forminator/assets/forminator-ui/css/src/form/forminator-form-default.full.min8915.css]
[freewater.life/wp-content/plugins/forminator/assets/css/intlTelInput.minfa0c.css]
[freewater.life/wp-includes/css/buttons.min75e4.css]
[freewater.life/wp-content/uploads/premium-addons-elementor/pa-frontend-e295bfe0b.min911b.js]
[freewater.life/wp-content/themes/hello-elementor/assets/js/hello-frontend.min6e0e.js]
[freewater.life/wp-content/plugins/premium-addons-for-elementor/assets/frontend/min-js/premium-wrapper-link.mincd9f.js]
[freewater.life/wp-content/plugins/elementor/assets/lib/waypoints/waypoints.min05da.js]
[freewater.life/wp-content/plugins/premium-addons-for-elementor/assets/frontend/min-js/anime.mincd9f.js]
[freewater.life/wp-content/plugins/premium-addons-for-elementor/assets/frontend/min-js/premium-floating-effects.mincd9f.js]
[freewater.life/wp-content/plugins/premium-addons-for-elementor/assets/frontend/min-js/universal-tilt.mincd9f.js]
[freewater.life/wp-content/plugins/premium-addons-for-elementor/assets/frontend/min-js/lottie.mincd9f.js]
[freewater.life/wp-content/plugins/forminator/assets/forminator-ui/js/select2.full.min8915.js]
[freewater.life/wp-content/plugins/forminator/assets/js/library/jquery.validate.min8915.js]
[freewater.life/wp-content/plugins/forminator/assets/forminator-ui/js/forminator-form.min8915.js]
[freewater.life/wp-content/plugins/forminator/build/front/front.multi.min8915.js]
[freewater.life/wp-content/plugins/forminator/assets/js/library/intlTelInput.min8915.js]
[freewater.life/wp-content/plugins/forminator/assets/js/library/cleave.min8915.js]
[freewater.life/wp-content/plugins/forminator/assets/js/library/cleave-phone.i18n8915.js]
[freewater.life/wp-content/plugins/elementor/assets/js/webpack.runtime.minf3b2.js]
[freewater.life/wp-content/plugins/elementor/assets/js/frontend-modules.minf3b2.js]
[freewater.life/wp-includes/js/jquery/ui/core.min3f14.js]
[freewater.life/wp-content/plugins/elementor/assets/js/frontend.minf3b2.js]
[freewater.life/index.html]
[freewater.life/xmlrpc.php]
[freewater.life/wp-content/uploads/premium-addons-elementor/pa-frontend-e295bfe0b.min911b.css]
[freewater.life/wp-content/plugins/header-footer-elementor/assets/css/header-footer-elementor4a8b.css]
[freewater.life/wp-content/plugins/elementor/assets/css/frontend-lite.minf3b2.css]
[freewater.life/wp-content/plugins/elementor/assets/lib/swiper/v8/css/swiper.min94a4.css]
[freewater.life/wp-content/uploads/elementor/css/post-51b86.css]
[freewater.life/wp-content/plugins/sticky-header-effects-for-elementor/assets/css/she-header-style744a.css]
[freewater.life/feed/index.html]
[freewater.life/wp-content/uploads/2024/01/drop-filled-1.png]
[freewater.life/wp-content/uploads/elementor/css/post-37fa44.css]
[freewater.life/wp-content/plugins/header-footer-elementor/inc/widgets-css/frontend4a8b.css]
[freewater.life/wp-content/uploads/elementor/css/post-30fcd5.css]
[freewater.life/wp-content/uploads/elementor/css/post-193fa44.css]
[freewater.life/wp-content/themes/hello-elementor/style.min6e0e.css]
[freewater.life/wp-content/themes/hello-elementor/theme.min6e0e.css]
[freewater.life/wp-content/themes/hello-elementor/header-footer.min6e0e.css]
[freewater.life/wp-includes/js/jquery/jquery.minf43b.js]
[freewater.life/wp-includes/js/jquery/jquery-migrate.min5589.js]
[freewater.life/wp-content/plugins/sticky-header-effects-for-elementor/assets/js/she-header744a.js]
[freewater.life/wp-content/plugins/elementor/assets/css/widget-icon-box.min.css]
[freewater.life/wp-content/plugins/elementor/assets/css/widget-icon-list.min.css]
[freewater.life/wp-content/uploads/forminator/209_f494e5790d84055c441f02494c1128cb/css/style-209a708.css]
[freewater.life/wp-content/plugins/forminator/assets/forminator-ui/fonts/forminator-icons-font8782.eot]
[freewater.life/wp-content/plugins/forminator/assets/forminator-ui/fonts/forminator-icons-font8782.woff2]
[freewater.life/wp-content/plugins/forminator/assets/forminator-ui/fonts/forminator-icons-font8782.woff]
[freewater.life/wp-content/plugins/forminator/assets/forminator-ui/fonts/forminator-icons-font8782.ttf]
[freewater.life/wp-content/plugins/forminator/assets/forminator-ui/fonts/forminator-icons-font8782.svg]
[freewater.life/wp-content/plugins/forminator/assets/forminator-ui/css/forminator-icons.min8915.css]
[freewater.life/wp-content/plugins/forminator/assets/forminator-ui/css/src/forminator-utilities.min8915.css]
[freewater.life/wp-content/plugins/forminator/assets/forminator-ui/css/src/grid/forminator-grid.open.min8915.css]
[freewater.life/wp-content/plugins/forminator/assets/forminator-ui/css/src/form/forminator-form-default.base.min8915.css]
[freewater.life/wp-content/plugins/forminator/assets/forminator-ui/css/src/form/forminator-form-default.select2.min8915.css]
[freewater.life/wp-content/plugins/forminator/assets/forminator-ui/css/src/form/forminator-form-default.full.min8915.css]
[freewater.life/wp-content/plugins/forminator/assets/img/flags.png]
[freewater.life/wp-content/plugins/forminator/assets/img/flags@2x.png]
[freewater.life/wp-content/plugins/forminator/assets/css/intlTelInput.minfa0c.css]
[freewater.life/wp-includes/css/buttons.min75e4.css]
[freewater.life/wp-content/uploads/premium-addons-elementor/pa-frontend-e295bfe0b.min911b.js]
[freewater.life/wp-content/themes/hello-elementor/assets/js/hello-frontend.min6e0e.js]
[freewater.life/wp-content/plugins/premium-addons-for-elementor/assets/frontend/min-js/premium-wrapper-link.mincd9f.js]
[freewater.life/wp-content/plugins/elementor/assets/lib/waypoints/waypoints.min05da.js]
[freewater.life/wp-content/plugins/premium-addons-for-elementor/assets/frontend/min-js/anime.mincd9f.js]
[freewater.life/wp-content/plugins/premium-addons-for-elementor/assets/frontend/min-js/premium-floating-effects.mincd9f.js]
[freewater.life/wp-content/plugins/premium-addons-for-elementor/assets/frontend/min-js/universal-tilt.mincd9f.js]
[freewater.life/GET]
[freewater.life/wp-content/plugins/premium-addons-for-elementor/assets/frontend/min-js/lottie.mincd9f.js]
[freewater.life/wp-content/plugins/forminator/assets/forminator-ui/js/select2.full.min8915.js]
[freewater.life/wp-content/plugins/forminator/assets/js/library/jquery.validate.min8915.js]
[freewater.life/wp-content/plugins/forminator/assets/forminator-ui/js/forminator-form.min8915.js]
[freewater.life/wp-content/plugins/forminator/build/front/front.multi.min8915.js]
[freewater.life/wp-content/plugins/forminator/assets/js/library/intlTelInput.min8915.js]
[freewater.life/wp-content/plugins/forminator/assets/js/library/cleave.min8915.js]
[freewater.life/images/index.html]
[freewater.life/wp-content/plugins/forminator/assets/js/library/cleave-phone.i18n8915.js]
[freewater.life/wp-content/plugins/elementor/assets/js/webpack.runtime.minf3b2.js]
[freewater.life/wp-content/plugins/elementor/assets/js/frontend-modules.minf3b2.js]
[freewater.life/wp-includes/js/jquery/ui/core.min3f14.js]
[freewater.life/giItT1WQy@!-/index.html]
[freewater.life/-negative.svg]
[freewater.life/wp-content/plugins/elementor/assets/js/frontend.minf3b2.js]
[freewater.life/wp-content/plugins/forminator/assets/forminator-ui/fonts/forminator-icons-font8782.svg]
[freewater.life/GET.html]
[freewater.life/images/index.html]
[freewater.life/giItT1WQy@!-/index.html]
[freewater.life/-negative.html]
[freewater.life/OPR/index.html]
[freewater.life/OPR/index.html]
